// Jest Snapshot v1, https://goo.gl/fbAQLP

exports[`<BookGrid /> snapshot test 1`] = `
<div
  className="book-group"
/>
`;
