// Jest Snapshot v1, https://goo.gl/fbAQLP

exports[`<BookDetailAdmin /> snapshot test 1`] = `
<div>
  <h2 />
  <div />
  <div
    className="mt-5"
  >
    <h3>
      Inventory
    </h3>
    <table
      className="table"
    >
      <thead>
        <tr>
          <th>
            Branch
          </th>
          <th>
            Copies
          </th>
        </tr>
      </thead>
      <tbody />
    </table>
  </div>
</div>
`;
